TEST RESULTS:
✅ PASS: Clean JSON
✅ PASS: Markdown Code Block
✅ PASS: Text Before JSON
✅ PASS: Text After JSON
✅ PASS: Text Before and After
✅ PASS: Nested Objects
❌ FAIL: No Venues Array (Should Error) (Expected error but got result)

Results: 6 passed, 1 failed
